add_country: SUCCESS
add_team: SUCCESS
add_contestant: SUCCESS
add_contestant: SUCCESS
add_contestant: SUCCESS
add_contestant: SUCCESS
add_contestant: SUCCESS
add_contestant: SUCCESS
add_contestant: SUCCESS
add_contestant: SUCCESS
add_contestant: SUCCESS
add_contestant: SUCCESS
add_contestant: SUCCESS
add_contestant: SUCCESS
add_contestant_to_team: SUCCESS
add_contestant_to_team: SUCCESS
add_contestant_to_team: SUCCESS
add_contestant_to_team: SUCCESS
add_contestant_to_team: SUCCESS
add_contestant_to_team: SUCCESS
add_contestant_to_team: SUCCESS
add_contestant_to_team: SUCCESS
add_contestant_to_team: SUCCESS
add_contestant_to_team: SUCCESS
add_contestant_to_team: SUCCESS
add_contestant_to_team: SUCCESS
get_team_strength: SUCCESS, 888
austerity_measures: SUCCESS, 1360
