add_country: SUCCESS
add_country: FAILURE
add_team: FAILURE
add_team: SUCCESS
add_contestant: SUCCESS
add_contestant: SUCCESS
add_contestant: SUCCESS
add_contestant: SUCCESS
add_contestant: SUCCESS
add_contestant: SUCCESS
add_contestant: SUCCESS
add_contestant: SUCCESS
add_contestant: SUCCESS
add_contestant: SUCCESS
add_contestant: SUCCESS
add_contestant: SUCCESS
add_contestant: SUCCESS
add_contestant: SUCCESS
add_contestant: SUCCESS
add_contestant: SUCCESS
add_contestant: SUCCESS
add_contestant: SUCCESS
add_contestant: SUCCESS
add_contestant: SUCCESS
add_contestant: SUCCESS
add_contestant_to_team: SUCCESS
add_contestant_to_team: SUCCESS
add_contestant_to_team: SUCCESS
add_contestant_to_team: SUCCESS
add_contestant_to_team: SUCCESS
add_contestant_to_team: SUCCESS
add_contestant_to_team: SUCCESS
add_contestant_to_team: SUCCESS
add_contestant_to_team: SUCCESS
add_contestant_to_team: SUCCESS
add_contestant_to_team: SUCCESS
add_contestant_to_team: SUCCESS
add_contestant_to_team: SUCCESS
add_contestant_to_team: SUCCESS
add_contestant_to_team: SUCCESS
add_contestant_to_team: SUCCESS
add_contestant_to_team: SUCCESS
add_contestant_to_team: SUCCESS
add_contestant_to_team: SUCCESS
add_contestant_to_team: SUCCESS
add_contestant_to_team: SUCCESS
remove_contestant_from_team: SUCCESS
remove_contestant_from_team: SUCCESS
remove_contestant_from_team: SUCCESS
get_team_strength: SUCCESS, 1030
add_country: SUCCESS
add_team: SUCCESS
add_contestant: SUCCESS
add_contestant: SUCCESS
add_contestant: SUCCESS
add_contestant_to_team: SUCCESS
add_contestant_to_team: SUCCESS
add_contestant_to_team: SUCCESS
play_match: SUCCESS
get_medals: SUCCESS, 1
get_medals: SUCCESS, 0
