add_country: SUCCESS
add_team: SUCCESS
get_team_strength: SUCCESS, 0
add_team: SUCCESS
play_match: SUCCESS
get_medals: SUCCESS, 0
austerity_measures: FAILURE
add_contestant: SUCCESS
add_contestant: SUCCESS
add_contestant: SUCCESS
add_contestant_to_team: SUCCESS
add_contestant_to_team: SUCCESS
add_contestant_to_team: SUCCESS
get_team_strength: SUCCESS, 273
play_match: SUCCESS
get_medals: SUCCESS, 1