add_country: SUCCESS
add_team: SUCCESS
add_contestant: SUCCESS
add_contestant: SUCCESS
add_contestant: SUCCESS
add_contestant: SUCCESS
add_contestant: SUCCESS
add_contestant: SUCCESS
add_contestant: SUCCESS
add_contestant: SUCCESS
add_contestant: SUCCESS
add_contestant: SUCCESS
add_contestant: SUCCESS
add_contestant: SUCCESS
add_contestant_to_team: SUCCESS
add_contestant_to_team: SUCCESS
add_contestant_to_team: SUCCESS
add_contestant_to_team: SUCCESS
add_contestant_to_team: SUCCESS
add_contestant_to_team: SUCCESS
add_contestant_to_team: SUCCESS
add_contestant_to_team: SUCCESS
add_contestant_to_team: SUCCESS
add_contestant_to_team: SUCCESS
add_contestant_to_team: SUCCESS
add_contestant_to_team: SUCCESS
update_contestant_strength: SUCCESS
get_team_strength: SUCCESS, 788